Wrong number entered: 89
Wrong number entered: 9
